[INFO] Scanning for projects...
[WARNING] 
[WARNING] Some problems were encountered while building the effective model for com.orangeHrm.app:OrangeHRM:jar:1.0-SNAPSHOT
[WARNING] 'dependencies.dependency.scope' for org.junit:junit-bom:pom must be one of [provided, compile, runtime, test, system] but is 'import'. @ line 26, column 11
[WARNING] 
[WARNING] It is highly recommended to fix these problems because they threaten the stability of your build.
[WARNING] 
[WARNING] For this reason, future Maven versions might no longer support building such malformed projects.
[WARNING] 
[INFO] 
[INFO] --------------------< com.orangeHrm.app:OrangeHRM >---------------------
[INFO] Building OrangeHRM 1.0-SNAPSHOT
[INFO]   from pom.xml
[INFO] --------------------------------[ jar ]---------------------------------
[INFO] 
[INFO] --- resources:3.3.1:resources (default-resources) @ OrangeHRM ---
[INFO] skip non existing resourceDirectory C:\Geetha\Testing Practice\Frameworks\OrangeHrmCucumberFramework\OrangeHRM\src\main\resources
[INFO] 
[INFO] --- compiler:3.13.0:compile (default-compile) @ OrangeHRM ---
[INFO] Nothing to compile - all classes are up to date.
[INFO] 
[INFO] --- resources:3.3.1:testResources (default-testResources) @ OrangeHRM ---
[INFO] Copying 3 resources from src\test\resources to target\test-classes
[INFO] 
[INFO] --- compiler:3.13.0:testCompile (default-testCompile) @ OrangeHRM ---
[INFO] Nothing to compile - all classes are up to date.
[INFO] 
[INFO] --- surefire:3.3.0:test (default-test) @ OrangeHRM ---
[INFO] Using auto detected provider org.apache.maven.surefire.testng.TestNGProvider
[INFO] 
[INFO] -------------------------------------------------------
[INFO]  T E S T S
[INFO] -------------------------------------------------------
[INFO] Running com.orangeHRM.runners.OrangeHrmMasterRunner
mvn : SLF4J(W): No SLF4J providers were found.
At line:1 char:83
+ ... rangeHRM" ; mvn test -Dtest=OrangeHrmMasterRunner > test-output.txt 2 ...
+                 ~~~~~~~~~~~~~~~~~~~~~~~~~~~~~~~~~~~~~~~~~~~~~~~~~~~~~~~~~
    + CategoryInfo          : NotSpecified: (SLF4J(W): No SLF4J providers were 
    found.:String) [], RemoteException
    + FullyQualifiedErrorId : NativeCommandError
 
SLF4J(W): Defaulting to no-operation (NOP) logger implementation
SLF4J(W): See https://www.slf4j.org/codes.html#noProviders for further details.
Config file generated for :- test environment
Execution started for : Verify employee creation in OrangeHRM
